Archive member included to satisfy reference by file (symbol)

/home/TDDI11/sw/lib/elf/mtc.a(mtc.o)
                              main.o (mtc_split)
/home/TDDI11/sw/lib/elf/mtc.a(schedule.o)
                              /home/TDDI11/sw/lib/elf/mtc.a(mtc.o) (_sch_setup)
/home/TDDI11/sw/lib/elf/mtc.a(sema.o)
                              /home/TDDI11/sw/lib/elf/mtc.a(mtc.o) (_sema_setup)
/home/TDDI11/sw/lib/elf/mtc.a(thread.o)
                              /home/TDDI11/sw/lib/elf/mtc.a(schedule.o) (_thr_setup)
/home/TDDI11/sw/lib/elf/mtc.a(abend.o)
                              /home/TDDI11/sw/lib/elf/mtc.a(mtc.o) (_mtc_abend)
/home/TDDI11/sw/lib/elf/mtc.a(context.o)
                              /home/TDDI11/sw/lib/elf/mtc.a(thread.o) (_ctxt_setup)
/home/TDDI11/sw/lib/elf/mtc.a(ll.o)
                              /home/TDDI11/sw/lib/elf/mtc.a(schedule.o) (_ll_setup)
/home/TDDI11/sw/lib/elf/mtc.a(mlist.o)
                              /home/TDDI11/sw/lib/elf/mtc.a(thread.o) (_ml_setup)
/home/TDDI11/sw/lib/elf/mtc.a(msg.o)
                              /home/TDDI11/sw/lib/elf/mtc.a(mlist.o) (_msg_setup)
/home/TDDI11/sw/lib/elf/libepc.a(init-cpu.o)
                              (start)
/home/TDDI11/sw/lib/elf/libepc.a(init-idt.o)
                              main.o (IRQ2INT)
/home/TDDI11/sw/lib/elf/libepc.a(init-crt.o)
                              /home/TDDI11/sw/lib/elf/libepc.a(init-cpu.o) (Init_CRT)
/home/TDDI11/sw/lib/elf/libepc.a(display.o)
                              main.o (SetCursorVisible)
/home/TDDI11/sw/lib/elf/libepc.a(timer.o)
                              main.o (Milliseconds)
/home/TDDI11/sw/lib/elf/libepc.a(init8259.o)
                              /home/TDDI11/sw/lib/elf/libepc.a(init-cpu.o) (Init8259)
/home/TDDI11/sw/lib/elf/libepc.a(init8253.o)
                              /home/TDDI11/sw/lib/elf/libepc.a(init-cpu.o) (Init8253)
/home/TDDI11/sw/lib/elf/libepc.a(heap.o)
                              /home/TDDI11/sw/lib/elf/mtc.a(sema.o) (malloc)
/home/TDDI11/sw/lib/elf/libepc.a(setjmp.o)
                              /home/TDDI11/sw/lib/elf/mtc.a(context.o) (_setjmp)
/home/TDDI11/sw/lib/elf/libepc.a(queue.o)
                              main.o (QueueCreate)
/home/TDDI11/sw/lib/elf/libepc.a(window.o)
                              inbound.o (WindowCreate)
/home/TDDI11/sw/lib/elf/libepc.a(checkcpu.o)
                              /home/TDDI11/sw/lib/elf/libepc.a(init-cpu.o) (Check_CPU)
/home/TDDI11/sw/lib/elf/libepc.a(io.o)
                              /home/TDDI11/sw/lib/elf/libepc.a(timer.o) (msec)
/home/TDDI11/sw/lib/elf/libepc.a(keyboard.o)
                              outbound.o (ScanCodeRdy)
/home/TDDI11/sw/lib/elf/djgpp/libc.a(ct_flags.o)
                              outbound.o (__dj_ctype_flags)
/home/TDDI11/sw/lib/elf/djgpp/libc.a(memcpy.o)
                              /home/TDDI11/sw/lib/elf/mtc.a(mtc.o) (_memcpy)
/home/TDDI11/sw/lib/elf/djgpp/libc.a(strcpy.o)
                              /home/TDDI11/sw/lib/elf/libepc.a(window.o) (_strcpy)
/home/TDDI11/sw/lib/elf/djgpp/libc.a(strlen.o)
                              /home/TDDI11/sw/lib/elf/libepc.a(window.o) (_strlen)
/home/TDDI11/sw/lib/elf/djgpp/libc.a(disable.o)
                              main.o (disable)
/home/TDDI11/sw/lib/elf/djgpp/libc.a(enable.o)
                              main.o (enable)
/home/TDDI11/sw/lib/elf/djgpp/libc.a(djmd.o)
                              /home/TDDI11/sw/lib/elf/djgpp/libc.a(memcpy.o) (___dj_movedata)

Allocating common symbols
Common symbol       size              file

inbound_queue       0x4               main.o
___Starting_Point__
                    0x4               /home/TDDI11/sw/lib/elf/mtc.a(context.o)

Discarded input sections

 .eh_frame      0x0000000000000000       0xa0 main.o
 .eh_frame      0x0000000000000000       0x38 inbound.o
 .eh_frame      0x0000000000000000       0x38 outbound.o

Memory Configuration

Name             Origin             Length             Attributes
conventional     0x0000000000000000 0x00000000000a0000
reserved         0x00000000000a0000 0x0000000000060000
extended         0x0000000000100000 0x00000000fff00000
*default*        0x0000000000000000 0xffffffffffffffff

Linker script and memory map

LOAD main.o
LOAD serial.o
LOAD inbound.o
LOAD outbound.o
LOAD /home/TDDI11/sw/lib/elf/mtc.a
LOAD /home/TDDI11/sw/lib/elf/libepc.a
LOAD /home/TDDI11/sw/lib/elf/djgpp/libc.a
LOAD /sw/i386-elf-gcc-4.9.0/lib/gcc/i386-elf/4.9.0/libgcc.a

.text           0x0000000000000000     0x7c58
                0x0000000000000000                text_frst = .
 *(.start)
 .start         0x0000000000000000        0x8 /home/TDDI11/sw/lib/elf/libepc.a(init-cpu.o)
                0x0000000000000000                start
 *(.init)
 *(.text)
 .text          0x0000000000000008      0x1f9 main.o
                0x0000000000000008                main
                0x0000000000000033                _mtc_main
                0x00000000000000f7                DisplayElapsedTime
 .text          0x0000000000000201       0x62 inbound.o
                0x0000000000000201                InBound
 .text          0x0000000000000263      0x10a outbound.o
                0x0000000000000263                OutBound
 *fill*         0x000000000000036d        0x3 
 .text          0x0000000000000370     0x10d0 /home/TDDI11/sw/lib/elf/mtc.a(mtc.o)
                0x0000000000000378                mtc_split
                0x00000000000003c0                mtc_stop
                0x00000000000004a8                mtc_yield
                0x00000000000004f8                _mtc_setpri
                0x00000000000005f8                _mtc_getpri
                0x000000000000064c                _mtc_asend
                0x00000000000006ec                _mtc_send
                0x0000000000000850                _mtc_receive
                0x00000000000009dc                _mtc_mcount
                0x0000000000000a80                _mtc_msize
                0x0000000000000b64                _mtc_mpriority
                0x0000000000000c40                _mtc_mdata
                0x0000000000000ce8                _mtc_mtraverse
                0x0000000000000d70                _mtc_mignore
                0x0000000000000eb0                _mtc_semacreate
                0x0000000000000efc                _mtc_semadel
                0x0000000000000f48                _mtc_semaset
                0x0000000000000f8c                _mtc_semareset
                0x0000000000000fd8                _mtc_semainvert
                0x000000000000101c                _mtc_semaget
                0x0000000000001034                _mtc_semawait
                0x0000000000001118                _mtc_me
                0x000000000000115c                _mtc_setthreshold
                0x00000000000011ac                _mtc_getthreshold
                0x00000000000011fc                _mtc_setcount
                0x000000000000124c                _mtc_getcount
                0x000000000000129c                _mtc_setuptr
                0x00000000000012ec                _mtc_getuptr
                0x0000000000001408                mtc_entry
 .text          0x0000000000001440      0xe30 /home/TDDI11/sw/lib/elf/mtc.a(schedule.o)
                0x000000000000144c                _sch_setup
                0x00000000000015a4                _sch_takedown
                0x000000000000168c                _sch_split
                0x0000000000001a1c                _sch_stop
                0x0000000000001a98                _sch_yield
                0x0000000000001ba0                _sch_whoami
                0x0000000000001be4                _sch_wait
                0x0000000000001ccc                _sch_resume
                0x0000000000001d5c                _sch_norun
                0x0000000000001f20                _sch_setthreshold
                0x0000000000002008                _sch_getthreshold
                0x00000000000020e4                _sch_setcount
                0x00000000000021e4                _sch_getcount
 .text          0x0000000000002270      0x630 /home/TDDI11/sw/lib/elf/mtc.a(sema.o)
                0x0000000000002360                _sema_setup
                0x0000000000002498                _sema_takedown
                0x0000000000002578                _sema_set
                0x000000000000261c                _sema_reset
                0x00000000000026c8                _sema_invert
                0x000000000000277c                _sema_get
                0x00000000000027e4                _sema_wait
 .text          0x00000000000028a0      0x7a0 /home/TDDI11/sw/lib/elf/mtc.a(thread.o)
                0x000000000000290c                _thr_setup
                0x0000000000002a9c                _thr_takedown
                0x0000000000002b88                _thr_save
                0x0000000000002c48                _thr_restore
                0x0000000000002cd4                _thr_setpri
                0x0000000000002d38                _thr_getpri
                0x0000000000002d9c                _thr_mlist
                0x0000000000002e04                _thr_block
                0x0000000000002e74                _thr_unblock
                0x0000000000002ee4                _thr_isblocked
                0x0000000000002f54                _thr_setuptr
                0x0000000000002fc4                _thr_getuptr
 .text          0x0000000000003040      0x420 /home/TDDI11/sw/lib/elf/mtc.a(abend.o)
                0x0000000000003218                _mtc_abend
 .text          0x0000000000003460      0x510 /home/TDDI11/sw/lib/elf/mtc.a(context.o)
                0x00000000000034c0                _ctxt_setup
                0x0000000000003610                _ctxt_takedown
                0x0000000000003684                _ctxt_save
                0x0000000000003824                _ctxt_restore
 .text          0x0000000000003970      0xe40 /home/TDDI11/sw/lib/elf/mtc.a(ll.o)
                0x00000000000039a8                _ll_setup
                0x0000000000003a7c                _ll_takedown
                0x0000000000003b60                _ll_addleft
                0x0000000000003cd8                _ll_addright
                0x0000000000003e54                _ll_delleft
                0x0000000000003fc8                _ll_delright
                0x0000000000004150                _ll_count
                0x00000000000041fc                _ll_current
                0x0000000000004294                _ll_start
                0x0000000000004304                _ll_end
                0x0000000000004380                _ll_right
                0x0000000000004428                _ll_left
                0x00000000000044dc                _ll_isstart
                0x00000000000045b4                _ll_isend
                0x00000000000046a0                _ll_save
                0x0000000000004738                _ll_assign
 .text          0x00000000000047b0      0xa60 /home/TDDI11/sw/lib/elf/mtc.a(mlist.o)
                0x00000000000047f0                _ml_setup
                0x00000000000048d4                _ml_takedown
                0x0000000000004a1c                _ml_add
                0x0000000000004c28                _ml_flush
                0x0000000000004d28                _ml_dequeue
                0x0000000000004e20                _ml_count
                0x0000000000004e98                _ml_traverse
                0x000000000000500c                _ml_sync
                0x0000000000005084                _ml_priority
                0x0000000000005104                _ml_data
                0x0000000000005184                _ml_size
 .text          0x0000000000005210      0x450 /home/TDDI11/sw/lib/elf/mtc.a(msg.o)
                0x0000000000005260                _msg_setup
                0x0000000000005374                _msg_takedown
                0x00000000000053f8                _msg_size
                0x0000000000005498                _msg_sync
                0x000000000000553c                _msg_priority
                0x00000000000055c8                _msg_data
 .text          0x0000000000005660       0x50 /home/TDDI11/sw/lib/elf/libepc.a(init-cpu.o)
                0x0000000000005660                Init_CPU
 .text          0x00000000000056b0      0x5a0 /home/TDDI11/sw/lib/elf/libepc.a(init-idt.o)
                0x0000000000005ac0                IRQ2INT
                0x0000000000005ad4                _GetISR
                0x0000000000005b18                SetISR
                0x0000000000005b50                Init_IDT
 .text          0x0000000000005c50      0x110 /home/TDDI11/sw/lib/elf/libepc.a(init-crt.o)
                0x0000000000005c50                Init_CRT
                0x0000000000005c84                _LastMemoryAddress
 .text          0x0000000000005d60      0x6e0 /home/TDDI11/sw/lib/elf/libepc.a(display.o)
                0x0000000000005d60                SetCursorVisible
                0x0000000000005de4                _GetCursorRow
                0x0000000000005df8                _GetCursorCol
                0x0000000000005e0c                SetCursorPosition
                0x0000000000005eb0                ClearScreen
                0x0000000000005f18                _PutAttb
                0x0000000000005f64                _PutCharAt
                0x0000000000005f90                _PutChar
                0x0000000000006014                PutString
                0x000000000000604c                PutUnsigned
                0x0000000000006084                FormatUnsigned
                0x0000000000006114                Unsigned2Ascii
                0x0000000000006198                _Cell
 .text          0x0000000000006440       0xe0 /home/TDDI11/sw/lib/elf/libepc.a(timer.o)
                0x00000000000064c8                Milliseconds
                0x00000000000064e4                Now_Plus
 .text          0x0000000000006520       0xe0 /home/TDDI11/sw/lib/elf/libepc.a(init8259.o)
                0x0000000000006520                Init8259
 .text          0x0000000000006600       0xb0 /home/TDDI11/sw/lib/elf/libepc.a(init8253.o)
                0x0000000000006600                Init8253
 .text          0x00000000000066b0      0x660 /home/TDDI11/sw/lib/elf/libepc.a(heap.o)
                0x00000000000066b0                malloc
                0x0000000000006764                free
 .text          0x0000000000006d10       0xb0 /home/TDDI11/sw/lib/elf/libepc.a(setjmp.o)
                0x0000000000006d10                _setjmp
                0x0000000000006d5a                _longjmp
 .text          0x0000000000006dc0      0x180 /home/TDDI11/sw/lib/elf/libepc.a(queue.o)
                0x0000000000006dc0                QueueCreate
                0x0000000000006e2c                QueueRemove
                0x0000000000006eb0                QueueInsert
 .text          0x0000000000006f40      0x600 /home/TDDI11/sw/lib/elf/libepc.a(window.o)
                0x0000000000006f44                WindowCreate
                0x000000000000702c                _WindowErase
                0x000000000000709c                WindowSelect
                0x00000000000070c0                WindowSetCursor
                0x00000000000070f0                WindowPutChar
                0x00000000000071d0                WindowPutString
 .text          0x0000000000007540       0x98 /home/TDDI11/sw/lib/elf/libepc.a(checkcpu.o)
                0x0000000000007540                Check_CPU
 .text          0x00000000000075d8       0x60 /home/TDDI11/sw/lib/elf/libepc.a(io.o)
                0x00000000000075d8                TimerTickISR
                0x00000000000075e4                KeyboardISR
                0x0000000000007604                ISR_PIC1
                0x000000000000760b                ISR_PIC2
                0x0000000000007614                ___main
                0x0000000000007615                inportb
                0x000000000000761f                outportb
                0x0000000000007631                _exit
 .text          0x0000000000007638      0x570 /home/TDDI11/sw/lib/elf/libepc.a(keyboard.o)
                0x0000000000007638                ScanCodeRdy
                0x000000000000765c                GetScanCode
                0x000000000000768c                ScanCode2Ascii
                0x000000000000784c                SetsKybdState
                0x0000000000007a3c                Enqueue
 .text          0x0000000000007ba8        0x0 /home/TDDI11/sw/lib/elf/djgpp/libc.a(ct_flags.o)
 .text          0x0000000000007ba8       0x1c /home/TDDI11/sw/lib/elf/djgpp/libc.a(memcpy.o)
                0x0000000000007ba8                _memcpy
 .text          0x0000000000007bc4       0x28 /home/TDDI11/sw/lib/elf/djgpp/libc.a(strcpy.o)
                0x0000000000007bc4                _strcpy
 .text          0x0000000000007bec       0x24 /home/TDDI11/sw/lib/elf/djgpp/libc.a(strlen.o)
                0x0000000000007bec                _strlen
 .text          0x0000000000007c10       0x10 /home/TDDI11/sw/lib/elf/djgpp/libc.a(disable.o)
                0x0000000000007c10                disable
 .text          0x0000000000007c20       0x10 /home/TDDI11/sw/lib/elf/djgpp/libc.a(enable.o)
                0x0000000000007c20                enable
 .text          0x0000000000007c30       0x28 /home/TDDI11/sw/lib/elf/djgpp/libc.a(djmd.o)
                0x0000000000007c30                ___dj_movedata
                0x0000000000007c57                text_last = (. - 0x1)

.data           0x0000000000007c58      0x95f
                0x0000000000007c58                data_frst = .
 *(.data)
 .data          0x0000000000007c58        0x0 main.o
 .data          0x0000000000007c58        0x0 inbound.o
 .data          0x0000000000007c58        0x0 outbound.o
 .data          0x0000000000007c58       0x10 /home/TDDI11/sw/lib/elf/mtc.a(mtc.o)
 .data          0x0000000000007c68       0x10 /home/TDDI11/sw/lib/elf/mtc.a(schedule.o)
 .data          0x0000000000007c78        0x0 /home/TDDI11/sw/lib/elf/mtc.a(sema.o)
 .data          0x0000000000007c78        0x0 /home/TDDI11/sw/lib/elf/mtc.a(thread.o)
 .data          0x0000000000007c78       0x70 /home/TDDI11/sw/lib/elf/mtc.a(abend.o)
                0x0000000000007c78                _MtCAbendFlag
 .data          0x0000000000007ce8        0x0 /home/TDDI11/sw/lib/elf/mtc.a(context.o)
 .data          0x0000000000007ce8        0x0 /home/TDDI11/sw/lib/elf/mtc.a(ll.o)
 .data          0x0000000000007ce8        0x0 /home/TDDI11/sw/lib/elf/mtc.a(mlist.o)
 .data          0x0000000000007ce8        0x0 /home/TDDI11/sw/lib/elf/mtc.a(msg.o)
 .data          0x0000000000007ce8       0x20 /home/TDDI11/sw/lib/elf/libepc.a(init-cpu.o)
                0x0000000000007d06                code_selector
 .data          0x0000000000007d08       0x90 /home/TDDI11/sw/lib/elf/libepc.a(init-idt.o)
 .data          0x0000000000007d98       0x10 /home/TDDI11/sw/lib/elf/libepc.a(init-crt.o)
 .data          0x0000000000007da8       0x30 /home/TDDI11/sw/lib/elf/libepc.a(display.o)
 .data          0x0000000000007dd8       0x10 /home/TDDI11/sw/lib/elf/libepc.a(timer.o)
 .data          0x0000000000007de8        0x0 /home/TDDI11/sw/lib/elf/libepc.a(init8259.o)
 .data          0x0000000000007de8        0x0 /home/TDDI11/sw/lib/elf/libepc.a(init8253.o)
 .data          0x0000000000007de8       0x10 /home/TDDI11/sw/lib/elf/libepc.a(heap.o)
 .data          0x0000000000007df8        0x0 /home/TDDI11/sw/lib/elf/libepc.a(queue.o)
 .data          0x0000000000007df8        0x0 /home/TDDI11/sw/lib/elf/libepc.a(window.o)
 .data          0x0000000000007df8        0xc /home/TDDI11/sw/lib/elf/libepc.a(io.o)
                0x0000000000007df8                msec
                0x0000000000007dfc                old_tick_isr
                0x0000000000007e00                old_kybd_isr
 .data          0x0000000000007e04      0x5a0 /home/TDDI11/sw/lib/elf/libepc.a(keyboard.o)
 .data          0x00000000000083a4      0x204 /home/TDDI11/sw/lib/elf/djgpp/libc.a(ct_flags.o)
                0x00000000000083a4                __dj_ctype_flags
 .data          0x00000000000085a8        0x0 /home/TDDI11/sw/lib/elf/djgpp/libc.a(memcpy.o)
 .data          0x00000000000085a8        0x0 /home/TDDI11/sw/lib/elf/djgpp/libc.a(strcpy.o)
 .data          0x00000000000085a8        0x0 /home/TDDI11/sw/lib/elf/djgpp/libc.a(strlen.o)
 .data          0x00000000000085a8        0x0 /home/TDDI11/sw/lib/elf/djgpp/libc.a(disable.o)
 .data          0x00000000000085a8        0x0 /home/TDDI11/sw/lib/elf/djgpp/libc.a(enable.o)
 .data          0x00000000000085a8        0x0 /home/TDDI11/sw/lib/elf/djgpp/libc.a(djmd.o)
 *(.rodata)
 .rodata        0x00000000000085a8        0x2 main.o
 .rodata        0x00000000000085aa        0x7 inbound.o
 .rodata        0x00000000000085b1        0x6 outbound.o
 *(.rodata.str1.1)
 *(.rodata.str1.32)
                0x00000000000085b6                data_last = (. - 0x1)

.bss            0x00000000000085b8      0x878
                0x00000000000085b8                bss_frst = .
 *(.bss)
 .bss           0x00000000000085b8        0x0 main.o
 .bss           0x00000000000085b8        0x0 inbound.o
 .bss           0x00000000000085b8        0x0 outbound.o
 .bss           0x00000000000085b8        0x0 /home/TDDI11/sw/lib/elf/mtc.a(mtc.o)
 .bss           0x00000000000085b8       0x2c /home/TDDI11/sw/lib/elf/mtc.a(schedule.o)
 .bss           0x00000000000085e4        0x0 /home/TDDI11/sw/lib/elf/mtc.a(sema.o)
 .bss           0x00000000000085e4        0x0 /home/TDDI11/sw/lib/elf/mtc.a(thread.o)
 .bss           0x00000000000085e4        0x0 /home/TDDI11/sw/lib/elf/mtc.a(abend.o)
 .bss           0x00000000000085e4        0x8 /home/TDDI11/sw/lib/elf/mtc.a(context.o)
 .bss           0x00000000000085ec        0x0 /home/TDDI11/sw/lib/elf/mtc.a(ll.o)
 .bss           0x00000000000085ec        0x0 /home/TDDI11/sw/lib/elf/mtc.a(mlist.o)
 .bss           0x00000000000085ec        0x0 /home/TDDI11/sw/lib/elf/mtc.a(msg.o)
 .bss           0x00000000000085ec      0x800 /home/TDDI11/sw/lib/elf/libepc.a(init-idt.o)
 .bss           0x0000000000008dec        0x0 /home/TDDI11/sw/lib/elf/libepc.a(init-crt.o)
 .bss           0x0000000000008dec        0x8 /home/TDDI11/sw/lib/elf/libepc.a(display.o)
 .bss           0x0000000000008df4        0x0 /home/TDDI11/sw/lib/elf/libepc.a(timer.o)
 .bss           0x0000000000008df4        0x0 /home/TDDI11/sw/lib/elf/libepc.a(init8259.o)
 .bss           0x0000000000008df4        0x0 /home/TDDI11/sw/lib/elf/libepc.a(init8253.o)
 .bss           0x0000000000008df4        0x0 /home/TDDI11/sw/lib/elf/libepc.a(heap.o)
 .bss           0x0000000000008df4        0x0 /home/TDDI11/sw/lib/elf/libepc.a(queue.o)
 .bss           0x0000000000008df4        0x0 /home/TDDI11/sw/lib/elf/libepc.a(window.o)
 .bss           0x0000000000008df4       0x34 /home/TDDI11/sw/lib/elf/libepc.a(keyboard.o)
 .bss           0x0000000000008e28        0x0 /home/TDDI11/sw/lib/elf/djgpp/libc.a(ct_flags.o)
 .bss           0x0000000000008e28        0x0 /home/TDDI11/sw/lib/elf/djgpp/libc.a(memcpy.o)
 .bss           0x0000000000008e28        0x0 /home/TDDI11/sw/lib/elf/djgpp/libc.a(strcpy.o)
 .bss           0x0000000000008e28        0x0 /home/TDDI11/sw/lib/elf/djgpp/libc.a(strlen.o)
 .bss           0x0000000000008e28        0x0 /home/TDDI11/sw/lib/elf/djgpp/libc.a(disable.o)
 .bss           0x0000000000008e28        0x0 /home/TDDI11/sw/lib/elf/djgpp/libc.a(enable.o)
 .bss           0x0000000000008e28        0x0 /home/TDDI11/sw/lib/elf/djgpp/libc.a(djmd.o)
 *(COMMON)
 COMMON         0x0000000000008e28        0x4 main.o
                0x0000000000008e28                inbound_queue
 COMMON         0x0000000000008e2c        0x4 /home/TDDI11/sw/lib/elf/mtc.a(context.o)
                0x0000000000008e2c                ___Starting_Point__
                0x0000000000008e2f                bss_last = (. - 0x1)

/DISCARD/
 *(.eh_frame)
                0x0000000000008e30                stack_frst = (bss_last + 0x1)
                0x0000000000010e2f                stack_last = (bss_last + 0x8000)
                0x0000000000010e30                heap_frst = (stack_last + 0x1)
OUTPUT(embedded.bin binary)

.debug_info     0x0000000000000000      0x546
 .debug_info    0x0000000000000000      0x224 main.o
 .debug_info    0x0000000000000224      0x1bf inbound.o
 .debug_info    0x00000000000003e3      0x163 outbound.o

.debug_abbrev   0x0000000000000000      0x2ee
 .debug_abbrev  0x0000000000000000      0x140 main.o
 .debug_abbrev  0x0000000000000140       0xd8 inbound.o
 .debug_abbrev  0x0000000000000218       0xd6 outbound.o

.debug_aranges  0x0000000000000000       0x60
 .debug_aranges
                0x0000000000000000       0x20 main.o
 .debug_aranges
                0x0000000000000020       0x20 inbound.o
 .debug_aranges
                0x0000000000000040       0x20 outbound.o

.debug_line     0x0000000000000000      0x1d4
 .debug_line    0x0000000000000000       0xb8 main.o
 .debug_line    0x00000000000000b8       0x6b inbound.o
 .debug_line    0x0000000000000123       0xb1 outbound.o

.debug_str      0x0000000000000000      0x3fe
 .debug_str     0x0000000000000000      0x181 main.o
 .debug_str     0x0000000000000181      0x152 inbound.o
 .debug_str     0x00000000000002d3      0x12b outbound.o

.comment        0x0000000000000000       0x36
 .comment       0x0000000000000000       0x12 main.o
 .comment       0x0000000000000012       0x12 inbound.o
 .comment       0x0000000000000024       0x12 outbound.o
